vlan,network,bitmask
5,4.2.18.0,29
710,4.2.3.0,25
714,4.2.3.128,25
